Archive member included to satisfy reference by file (symbol)

c:/program files (x86)/atmel/studio/7.0/toolchain/avr8/avr8-gnu-toolchain/bin/../lib/gcc/avr/4.9.2/avr6\libgcc.a(_udivmodsi4.o)
                              UART/uart.o (__udivmodsi4)
c:/program files (x86)/atmel/studio/7.0/toolchain/avr8/avr8-gnu-toolchain/bin/../lib/gcc/avr/4.9.2/avr6\libgcc.a(_exit.o)
                              C:/Program Files (x86)/Atmel/Studio/7.0/Packs/atmel/ATmega_DFP/1.0.90/gcc/dev/atmega2560/avr6/crtatmega2560.o (exit)
c:/program files (x86)/atmel/studio/7.0/toolchain/avr8/avr8-gnu-toolchain/bin/../lib/gcc/avr/4.9.2/../../../../avr/lib/avr6\libc.a(itoa_ncheck.o)
                              UART/uart.o (__itoa_ncheck)
c:/program files (x86)/atmel/studio/7.0/toolchain/avr8/avr8-gnu-toolchain/bin/../lib/gcc/avr/4.9.2/../../../../avr/lib/avr6\libc.a(utoa_ncheck.o)
                              c:/program files (x86)/atmel/studio/7.0/toolchain/avr8/avr8-gnu-toolchain/bin/../lib/gcc/avr/4.9.2/../../../../avr/lib/avr6\libc.a(itoa_ncheck.o) (__utoa_common)
c:/program files (x86)/atmel/studio/7.0/toolchain/avr8/avr8-gnu-toolchain/bin/../lib/gcc/avr/4.9.2/../../../../avr/lib/avr6\libc.a(strrev.o)
                              c:/program files (x86)/atmel/studio/7.0/toolchain/avr8/avr8-gnu-toolchain/bin/../lib/gcc/avr/4.9.2/../../../../avr/lib/avr6\libc.a(utoa_ncheck.o) (strrev)

Discarded input sections

 .data          0x00000000        0x0 C:/Program Files (x86)/Atmel/Studio/7.0/Packs/atmel/ATmega_DFP/1.0.90/gcc/dev/atmega2560/avr6/crtatmega2560.o
 .bss           0x00000000        0x0 C:/Program Files (x86)/Atmel/Studio/7.0/Packs/atmel/ATmega_DFP/1.0.90/gcc/dev/atmega2560/avr6/crtatmega2560.o
 .text          0x00000000        0x0 Main.o
 .data          0x00000000        0x0 Main.o
 .bss           0x00000000        0x0 Main.o
 .text          0x00000000        0x0 sd/sdCard.o
 .data          0x00000000        0x0 sd/sdCard.o
 .bss           0x00000000        0x0 sd/sdCard.o
 .text._ZN6sdCard11sendCommandEhmh
                0x00000000       0x6e sd/sdCard.o
 .text._ZN6sdCard14getResponeByteEv
                0x00000000        0x6 sd/sdCard.o
 .text._ZN6sdCard9writeByteEh
                0x00000000        0x6 sd/sdCard.o
 .text          0x00000000        0x0 SPI/SPI.o
 .data          0x00000000        0x0 SPI/SPI.o
 .bss           0x00000000        0x0 SPI/SPI.o
 .text          0x00000000        0x0 UART/uart.o
 .data          0x00000000        0x0 UART/uart.o
 .bss           0x00000000        0x0 UART/uart.o
 .text._Z9CharReadyv
                0x00000000        0x8 UART/uart.o
 .text._Z8ReadCharv
                0x00000000       0x10 UART/uart.o
 .text._Z8SendCharc
                0x00000000       0x10 UART/uart.o
 .text._Z10SendStringPc
                0x00000000       0x1e UART/uart.o
 .text._Z11SendIntegeri
                0x00000000       0x3a UART/uart.o
 .text          0x00000000        0x0 UnitHandler.o
 .data          0x00000000        0x0 UnitHandler.o
 .bss           0x00000000        0x0 UnitHandler.o
 .text._ZN11UnitHandler7AddUnitEh
                0x00000000      0x176 UnitHandler.o
 .text._ZN11UnitHandler12getUnitCountEv
                0x00000000        0x6 UnitHandler.o
 .text          0x00000000        0x0 c:/program files (x86)/atmel/studio/7.0/toolchain/avr8/avr8-gnu-toolchain/bin/../lib/gcc/avr/4.9.2/avr6\libgcc.a(_udivmodsi4.o)
 .data          0x00000000        0x0 c:/program files (x86)/atmel/studio/7.0/toolchain/avr8/avr8-gnu-toolchain/bin/../lib/gcc/avr/4.9.2/avr6\libgcc.a(_udivmodsi4.o)
 .bss           0x00000000        0x0 c:/program files (x86)/atmel/studio/7.0/toolchain/avr8/avr8-gnu-toolchain/bin/../lib/gcc/avr/4.9.2/avr6\libgcc.a(_udivmodsi4.o)
 .text.libgcc.mul
                0x00000000        0x0 c:/program files (x86)/atmel/studio/7.0/toolchain/avr8/avr8-gnu-toolchain/bin/../lib/gcc/avr/4.9.2/avr6\libgcc.a(_udivmodsi4.o)
 .text.libgcc   0x00000000        0x0 c:/program files (x86)/atmel/studio/7.0/toolchain/avr8/avr8-gnu-toolchain/bin/../lib/gcc/avr/4.9.2/avr6\libgcc.a(_udivmodsi4.o)
 .text.libgcc.prologue
                0x00000000        0x0 c:/program files (x86)/atmel/studio/7.0/toolchain/avr8/avr8-gnu-toolchain/bin/../lib/gcc/avr/4.9.2/avr6\libgcc.a(_udivmodsi4.o)
 .text.libgcc.builtins
                0x00000000        0x0 c:/program files (x86)/atmel/studio/7.0/toolchain/avr8/avr8-gnu-toolchain/bin/../lib/gcc/avr/4.9.2/avr6\libgcc.a(_udivmodsi4.o)
 .text.libgcc.fmul
                0x00000000        0x0 c:/program files (x86)/atmel/studio/7.0/toolchain/avr8/avr8-gnu-toolchain/bin/../lib/gcc/avr/4.9.2/avr6\libgcc.a(_udivmodsi4.o)
 .text.libgcc.fixed
                0x00000000        0x0 c:/program files (x86)/atmel/studio/7.0/toolchain/avr8/avr8-gnu-toolchain/bin/../lib/gcc/avr/4.9.2/avr6\libgcc.a(_udivmodsi4.o)
 .text          0x00000000        0x0 c:/program files (x86)/atmel/studio/7.0/toolchain/avr8/avr8-gnu-toolchain/bin/../lib/gcc/avr/4.9.2/avr6\libgcc.a(_exit.o)
 .data          0x00000000        0x0 c:/program files (x86)/atmel/studio/7.0/toolchain/avr8/avr8-gnu-toolchain/bin/../lib/gcc/avr/4.9.2/avr6\libgcc.a(_exit.o)
 .bss           0x00000000        0x0 c:/program files (x86)/atmel/studio/7.0/toolchain/avr8/avr8-gnu-toolchain/bin/../lib/gcc/avr/4.9.2/avr6\libgcc.a(_exit.o)
 .text.libgcc.mul
                0x00000000        0x0 c:/program files (x86)/atmel/studio/7.0/toolchain/avr8/avr8-gnu-toolchain/bin/../lib/gcc/avr/4.9.2/avr6\libgcc.a(_exit.o)
 .text.libgcc.div
                0x00000000        0x0 c:/program files (x86)/atmel/studio/7.0/toolchain/avr8/avr8-gnu-toolchain/bin/../lib/gcc/avr/4.9.2/avr6\libgcc.a(_exit.o)
 .text.libgcc   0x00000000        0x0 c:/program files (x86)/atmel/studio/7.0/toolchain/avr8/avr8-gnu-toolchain/bin/../lib/gcc/avr/4.9.2/avr6\libgcc.a(_exit.o)
 .text.libgcc.prologue
                0x00000000        0x0 c:/program files (x86)/atmel/studio/7.0/toolchain/avr8/avr8-gnu-toolchain/bin/../lib/gcc/avr/4.9.2/avr6\libgcc.a(_exit.o)
 .text.libgcc.builtins
                0x00000000        0x0 c:/program files (x86)/atmel/studio/7.0/toolchain/avr8/avr8-gnu-toolchain/bin/../lib/gcc/avr/4.9.2/avr6\libgcc.a(_exit.o)
 .text.libgcc.fmul
                0x00000000        0x0 c:/program files (x86)/atmel/studio/7.0/toolchain/avr8/avr8-gnu-toolchain/bin/../lib/gcc/avr/4.9.2/avr6\libgcc.a(_exit.o)
 .text.libgcc.fixed
                0x00000000        0x0 c:/program files (x86)/atmel/studio/7.0/toolchain/avr8/avr8-gnu-toolchain/bin/../lib/gcc/avr/4.9.2/avr6\libgcc.a(_exit.o)
 .text          0x00000000        0x0 c:/program files (x86)/atmel/studio/7.0/toolchain/avr8/avr8-gnu-toolchain/bin/../lib/gcc/avr/4.9.2/../../../../avr/lib/avr6\libc.a(itoa_ncheck.o)
 .data          0x00000000        0x0 c:/program files (x86)/atmel/studio/7.0/toolchain/avr8/avr8-gnu-toolchain/bin/../lib/gcc/avr/4.9.2/../../../../avr/lib/avr6\libc.a(itoa_ncheck.o)
 .bss           0x00000000        0x0 c:/program files (x86)/atmel/studio/7.0/toolchain/avr8/avr8-gnu-toolchain/bin/../lib/gcc/avr/4.9.2/../../../../avr/lib/avr6\libc.a(itoa_ncheck.o)
 .text.avr-libc
                0x00000000       0x16 c:/program files (x86)/atmel/studio/7.0/toolchain/avr8/avr8-gnu-toolchain/bin/../lib/gcc/avr/4.9.2/../../../../avr/lib/avr6\libc.a(itoa_ncheck.o)
 .text          0x00000000        0x0 c:/program files (x86)/atmel/studio/7.0/toolchain/avr8/avr8-gnu-toolchain/bin/../lib/gcc/avr/4.9.2/../../../../avr/lib/avr6\libc.a(utoa_ncheck.o)
 .data          0x00000000        0x0 c:/program files (x86)/atmel/studio/7.0/toolchain/avr8/avr8-gnu-toolchain/bin/../lib/gcc/avr/4.9.2/../../../../avr/lib/avr6\libc.a(utoa_ncheck.o)
 .bss           0x00000000        0x0 c:/program files (x86)/atmel/studio/7.0/toolchain/avr8/avr8-gnu-toolchain/bin/../lib/gcc/avr/4.9.2/../../../../avr/lib/avr6\libc.a(utoa_ncheck.o)
 .text.avr-libc
                0x00000000       0x34 c:/program files (x86)/atmel/studio/7.0/toolchain/avr8/avr8-gnu-toolchain/bin/../lib/gcc/avr/4.9.2/../../../../avr/lib/avr6\libc.a(utoa_ncheck.o)
 .text          0x00000000        0x0 c:/program files (x86)/atmel/studio/7.0/toolchain/avr8/avr8-gnu-toolchain/bin/../lib/gcc/avr/4.9.2/../../../../avr/lib/avr6\libc.a(strrev.o)
 .data          0x00000000        0x0 c:/program files (x86)/atmel/studio/7.0/toolchain/avr8/avr8-gnu-toolchain/bin/../lib/gcc/avr/4.9.2/../../../../avr/lib/avr6\libc.a(strrev.o)
 .bss           0x00000000        0x0 c:/program files (x86)/atmel/studio/7.0/toolchain/avr8/avr8-gnu-toolchain/bin/../lib/gcc/avr/4.9.2/../../../../avr/lib/avr6\libc.a(strrev.o)
 .text.avr-libc
                0x00000000       0x20 c:/program files (x86)/atmel/studio/7.0/toolchain/avr8/avr8-gnu-toolchain/bin/../lib/gcc/avr/4.9.2/../../../../avr/lib/avr6\libc.a(strrev.o)

Memory Configuration

Name             Origin             Length             Attributes
text             0x00000000         0x00100000         xr
data             0x00800200         0x0000fe00         rw !x
eeprom           0x00810000         0x00010000         rw !x
fuse             0x00820000         0x00000400         rw !x
lock             0x00830000         0x00000400         rw !x
signature        0x00840000         0x00000400         rw !x
user_signatures  0x00850000         0x00000400         rw !x
*default*        0x00000000         0xffffffff

Linker script and memory map

Address of section .data set to 0x800200
LOAD C:/Program Files (x86)/Atmel/Studio/7.0/Packs/atmel/ATmega_DFP/1.0.90/gcc/dev/atmega2560/avr6/crtatmega2560.o
LOAD Main.o
LOAD sd/sdCard.o
LOAD SPI/SPI.o
LOAD UART/uart.o
LOAD UnitHandler.o
START GROUP
LOAD c:/program files (x86)/atmel/studio/7.0/toolchain/avr8/avr8-gnu-toolchain/bin/../lib/gcc/avr/4.9.2/../../../../avr/lib/avr6\libm.a
END GROUP
LOAD c:/program files (x86)/atmel/studio/7.0/toolchain/avr8/avr8-gnu-toolchain/bin/../lib/gcc/avr/4.9.2/avr6\libgcc.a
LOAD c:/program files (x86)/atmel/studio/7.0/toolchain/avr8/avr8-gnu-toolchain/bin/../lib/gcc/avr/4.9.2/../../../../avr/lib/avr6\libm.a
START GROUP
LOAD c:/program files (x86)/atmel/studio/7.0/toolchain/avr8/avr8-gnu-toolchain/bin/../lib/gcc/avr/4.9.2/avr6\libgcc.a
LOAD c:/program files (x86)/atmel/studio/7.0/toolchain/avr8/avr8-gnu-toolchain/bin/../lib/gcc/avr/4.9.2/../../../../avr/lib/avr6\libm.a
LOAD c:/program files (x86)/atmel/studio/7.0/toolchain/avr8/avr8-gnu-toolchain/bin/../lib/gcc/avr/4.9.2/../../../../avr/lib/avr6\libc.a
LOAD C:/Program Files (x86)/Atmel/Studio/7.0/Packs/atmel/ATmega_DFP/1.0.90/gcc/dev/atmega2560/avr6\libatmega2560.a
END GROUP

.hash
 *(.hash)

.dynsym
 *(.dynsym)

.dynstr
 *(.dynstr)

.gnu.version
 *(.gnu.version)

.gnu.version_d
 *(.gnu.version_d)

.gnu.version_r
 *(.gnu.version_r)

.rel.init
 *(.rel.init)

.rela.init
 *(.rela.init)

.rel.text
 *(.rel.text)
 *(.rel.text.*)
 *(.rel.gnu.linkonce.t*)

.rela.text
 *(.rela.text)
 *(.rela.text.*)
 *(.rela.gnu.linkonce.t*)

.rel.fini
 *(.rel.fini)

.rela.fini
 *(.rela.fini)

.rel.rodata
 *(.rel.rodata)
 *(.rel.rodata.*)
 *(.rel.gnu.linkonce.r*)

.rela.rodata
 *(.rela.rodata)
 *(.rela.rodata.*)
 *(.rela.gnu.linkonce.r*)

.rel.data
 *(.rel.data)
 *(.rel.data.*)
 *(.rel.gnu.linkonce.d*)

.rela.data
 *(.rela.data)
 *(.rela.data.*)
 *(.rela.gnu.linkonce.d*)

.rel.ctors
 *(.rel.ctors)

.rela.ctors
 *(.rela.ctors)

.rel.dtors
 *(.rel.dtors)

.rela.dtors
 *(.rela.dtors)

.rel.got
 *(.rel.got)

.rela.got
 *(.rela.got)

.rel.bss
 *(.rel.bss)

.rela.bss
 *(.rela.bss)

.rel.plt
 *(.rel.plt)

.rela.plt
 *(.rela.plt)

.text           0x00000000     0x16f8
 *(.vectors)
 .vectors       0x00000000       0xe4 C:/Program Files (x86)/Atmel/Studio/7.0/Packs/atmel/ATmega_DFP/1.0.90/gcc/dev/atmega2560/avr6/crtatmega2560.o
                0x00000000                __vector_default
                0x00000000                __vectors
 *(.vectors)
 *(.progmem.gcc*)
                0x000000e4                . = ALIGN (0x2)
                0x000000e4                __trampolines_start = .
 *(.trampolines)
 .trampolines   0x000000e4        0x0 linker stubs
 *(.trampolines*)
                0x000000e4                __trampolines_end = .
 *(.progmem*)
                0x000000e4                . = ALIGN (0x2)
 *(.jumptables)
 *(.jumptables*)
 *(.lowtext)
 *(.lowtext*)
                0x000000e4                __ctors_start = .
 *(.ctors)
                0x000000e4                __ctors_end = .
                0x000000e4                __dtors_start = .
 *(.dtors)
                0x000000e4                __dtors_end = .
 SORT(*)(.ctors)
 SORT(*)(.dtors)
 *(.init0)
 .init0         0x000000e4        0x0 C:/Program Files (x86)/Atmel/Studio/7.0/Packs/atmel/ATmega_DFP/1.0.90/gcc/dev/atmega2560/avr6/crtatmega2560.o
                0x000000e4                __init
 *(.init0)
 *(.init1)
 *(.init1)
 *(.init2)
 .init2         0x000000e4       0x10 C:/Program Files (x86)/Atmel/Studio/7.0/Packs/atmel/ATmega_DFP/1.0.90/gcc/dev/atmega2560/avr6/crtatmega2560.o
 *(.init2)
 *(.init3)
 *(.init3)
 *(.init4)
 *(.init4)
 *(.init5)
 *(.init5)
 *(.init6)
 *(.init6)
 *(.init7)
 *(.init7)
 *(.init8)
 *(.init8)
 *(.init9)
 .init9         0x000000f4        0x6 C:/Program Files (x86)/Atmel/Studio/7.0/Packs/atmel/ATmega_DFP/1.0.90/gcc/dev/atmega2560/avr6/crtatmega2560.o
 *(.init9)
 *(.text)
 .text          0x000000fa        0x2 C:/Program Files (x86)/Atmel/Studio/7.0/Packs/atmel/ATmega_DFP/1.0.90/gcc/dev/atmega2560/avr6/crtatmega2560.o
                0x000000fa                __vector_38
                0x000000fa                __vector_22
                0x000000fa                __vector_28
                0x000000fa                __vector_1
                0x000000fa                __vector_32
                0x000000fa                __vector_34
                0x000000fa                __vector_24
                0x000000fa                __vector_12
                0x000000fa                __vector_55
                0x000000fa                __vector_46
                0x000000fa                __bad_interrupt
                0x000000fa                __vector_6
                0x000000fa                __vector_31
                0x000000fa                __vector_35
                0x000000fa                __vector_39
                0x000000fa                __vector_3
                0x000000fa                __vector_23
                0x000000fa                __vector_30
                0x000000fa                __vector_45
                0x000000fa                __vector_25
                0x000000fa                __vector_11
                0x000000fa                __vector_54
                0x000000fa                __vector_13
                0x000000fa                __vector_17
                0x000000fa                __vector_19
                0x000000fa                __vector_56
                0x000000fa                __vector_7
                0x000000fa                __vector_49
                0x000000fa                __vector_41
                0x000000fa                __vector_43
                0x000000fa                __vector_27
                0x000000fa                __vector_5
                0x000000fa                __vector_33
                0x000000fa                __vector_47
                0x000000fa                __vector_52
                0x000000fa                __vector_37
                0x000000fa                __vector_4
                0x000000fa                __vector_44
                0x000000fa                __vector_51
                0x000000fa                __vector_9
                0x000000fa                __vector_2
                0x000000fa                __vector_21
                0x000000fa                __vector_15
                0x000000fa                __vector_36
                0x000000fa                __vector_29
                0x000000fa                __vector_40
                0x000000fa                __vector_8
                0x000000fa                __vector_26
                0x000000fa                __vector_48
                0x000000fa                __vector_14
                0x000000fa                __vector_53
                0x000000fa                __vector_10
                0x000000fa                __vector_50
                0x000000fa                __vector_16
                0x000000fa                __vector_18
                0x000000fa                __vector_20
                0x000000fa                __vector_42
                0x000000fc                . = ALIGN (0x2)
 *(.text.*)
 .text.main     0x000000fc      0x1e8 Main.o
                0x000000fc                main
 .text._ZN6sdCardC2Ei
                0x000002e4       0x20 sd/sdCard.o
                0x000002e4                _ZN6sdCardC1Ei
                0x000002e4                _ZN6sdCardC2Ei
 .text._ZN6sdCard4initEv
                0x00000304      0x2aa sd/sdCard.o
                0x00000304                _ZN6sdCard4initEv
 .text._ZN6sdCard9readBlockEmPh
                0x000005ae       0xcc sd/sdCard.o
                0x000005ae                _ZN6sdCard9readBlockEmPh
 .text._ZN6sdCard10writeBlockEmPKh
                0x0000067a      0x14e sd/sdCard.o
                0x0000067a                _ZN6sdCard10writeBlockEmPKh
 .text._ZN3SPI7setFreqEi
                0x000007c8       0x4a SPI/SPI.o
                0x000007c8                _ZN3SPI7setFreqEi
 .text._ZN3SPIC2Ei
                0x00000812        0xc SPI/SPI.o
                0x00000812                _ZN3SPIC1Ei
                0x00000812                _ZN3SPIC2Ei
 .text._ZN3SPI9writeByteEh
                0x0000081e        0xc SPI/SPI.o
                0x0000081e                _ZN3SPI9writeByteEh
 .text._ZN3SPI11recieveByteEv
                0x0000082a        0xe SPI/SPI.o
                0x0000082a                _ZN3SPI11recieveByteEv
 .text._Z8InitUARTmhc
                0x00000838       0x96 UART/uart.o
                0x00000838                _Z8InitUARTmhc
 .text._ZN11UnitHandlerC2EP6sdCard
                0x000008ce        0xa UnitHandler.o
                0x000008ce                _ZN11UnitHandlerC1EP6sdCard
                0x000008ce                _ZN11UnitHandlerC2EP6sdCard
 .text._ZN11UnitHandler11getUnitListEPh
                0x000008d8       0x12 UnitHandler.o
                0x000008d8                _ZN11UnitHandler11getUnitListEPh
 .text._ZN11UnitHandler18checkStdAssignmentEv
                0x000008ea       0x6a UnitHandler.o
                0x000008ea                _ZN11UnitHandler18checkStdAssignmentEv
 .text._ZN11UnitHandler13addUnitToListEhh
                0x00000954       0x9e UnitHandler.o
                0x00000954                _ZN11UnitHandler13addUnitToListEhh
 .text._ZN11UnitHandler18removeUnitFromListEh
                0x000009f2       0xee UnitHandler.o
                0x000009f2                _ZN11UnitHandler18removeUnitFromListEh
 .text._ZN11UnitHandler16searchFreeBlocksEv
                0x00000ae0       0x80 UnitHandler.o
                0x00000ae0                _ZN11UnitHandler16searchFreeBlocksEv
 .text._ZN11UnitHandler11getRoomListEPh
                0x00000b60       0x14 UnitHandler.o
                0x00000b60                _ZN11UnitHandler11getRoomListEPh
 .text._ZN11UnitHandler10RemoveUnitEh
                0x00000b74      0x196 UnitHandler.o
                0x00000b74                _ZN11UnitHandler10RemoveUnitEh
 .text._ZN11UnitHandler13createNewRoomEh
                0x00000d0a       0xb0 UnitHandler.o
                0x00000d0a                _ZN11UnitHandler13createNewRoomEh
 .text._ZN11UnitHandler13addUnitToRoomEh
                0x00000dba       0x90 UnitHandler.o
                0x00000dba                _ZN11UnitHandler13addUnitToRoomEh
 .text._ZN11UnitHandler7AddUnitEhh
                0x00000e4a      0x18a UnitHandler.o
                0x00000e4a                _ZN11UnitHandler7AddUnitEhh
 .text._ZN11UnitHandler18removeUnitFromRoomEhh
                0x00000fd4      0x18a UnitHandler.o
                0x00000fd4                _ZN11UnitHandler18removeUnitFromRoomEhh
 .text._ZN11UnitHandler10deleteRoomEh
                0x0000115e      0x14c UnitHandler.o
                0x0000115e                _ZN11UnitHandler10deleteRoomEh
 .text._ZN11UnitHandler10UpdateTimeEhPh
                0x000012aa      0x108 UnitHandler.o
                0x000012aa                _ZN11UnitHandler10UpdateTimeEhPh
 .text._ZN11UnitHandler12getTimeTableEhhPh
                0x000013b2      0x108 UnitHandler.o
                0x000013b2                _ZN11UnitHandler12getTimeTableEhhPh
 .text._ZN11UnitHandler8editUnitEhhh
                0x000014ba      0x1f6 UnitHandler.o
                0x000014ba                _ZN11UnitHandler8editUnitEhhh
 .text.libgcc.div
                0x000016b0       0x44 c:/program files (x86)/atmel/studio/7.0/toolchain/avr8/avr8-gnu-toolchain/bin/../lib/gcc/avr/4.9.2/avr6\libgcc.a(_udivmodsi4.o)
                0x000016b0                __udivmodsi4
                0x000016f4                . = ALIGN (0x2)
 *(.fini9)
 .fini9         0x000016f4        0x0 c:/program files (x86)/atmel/studio/7.0/toolchain/avr8/avr8-gnu-toolchain/bin/../lib/gcc/avr/4.9.2/avr6\libgcc.a(_exit.o)
                0x000016f4                _exit
                0x000016f4                exit
 *(.fini9)
 *(.fini8)
 *(.fini8)
 *(.fini7)
 *(.fini7)
 *(.fini6)
 *(.fini6)
 *(.fini5)
 *(.fini5)
 *(.fini4)
 *(.fini4)
 *(.fini3)
 *(.fini3)
 *(.fini2)
 *(.fini2)
 *(.fini1)
 *(.fini1)
 *(.fini0)
 .fini0         0x000016f4        0x4 c:/program files (x86)/atmel/studio/7.0/toolchain/avr8/avr8-gnu-toolchain/bin/../lib/gcc/avr/4.9.2/avr6\libgcc.a(_exit.o)
 *(.fini0)
                0x000016f8                _etext = .

.data           0x00800200        0x0 load address 0x000016f8
                0x00800200                PROVIDE (__data_start, .)
 *(.data)
 *(.data*)
 *(.rodata)
 *(.rodata*)
 *(.gnu.linkonce.d*)
                0x00800200                . = ALIGN (0x2)
                0x00800200                _edata = .
                0x00800200                PROVIDE (__data_end, .)

.bss            0x00800200        0x0
                0x00800200                PROVIDE (__bss_start, .)
 *(.bss)
 *(.bss*)
 *(COMMON)
                0x00800200                PROVIDE (__bss_end, .)
                0x000016f8                __data_load_start = LOADADDR (.data)
                0x000016f8                __data_load_end = (__data_load_start + SIZEOF (.data))

.noinit         0x00800200        0x0
                0x00800200                PROVIDE (__noinit_start, .)
 *(.noinit*)
                0x00800200                PROVIDE (__noinit_end, .)
                0x00800200                _end = .
                0x00800200                PROVIDE (__heap_start, .)

.eeprom         0x00810000        0x0
 *(.eeprom*)
                0x00810000                __eeprom_end = .

.fuse
 *(.fuse)
 *(.lfuse)
 *(.hfuse)
 *(.efuse)

.lock
 *(.lock*)

.signature
 *(.signature*)

.user_signatures
 *(.user_signatures*)

.stab
 *(.stab)

.stabstr
 *(.stabstr)

.stab.excl
 *(.stab.excl)

.stab.exclstr
 *(.stab.exclstr)

.stab.index
 *(.stab.index)

.stab.indexstr
 *(.stab.indexstr)

.comment        0x00000000       0x30
 *(.comment)
 .comment       0x00000000       0x30 Main.o
                                 0x31 (size before relaxing)
 .comment       0x00000030       0x31 sd/sdCard.o
 .comment       0x00000030       0x31 SPI/SPI.o
 .comment       0x00000030       0x31 UART/uart.o
 .comment       0x00000030       0x31 UnitHandler.o

.note.gnu.avr.deviceinfo
                0x00000000       0x40
 .note.gnu.avr.deviceinfo
                0x00000000       0x40 C:/Program Files (x86)/Atmel/Studio/7.0/Packs/atmel/ATmega_DFP/1.0.90/gcc/dev/atmega2560/avr6/crtatmega2560.o

.note.gnu.build-id
 *(.note.gnu.build-id)

.debug
 *(.debug)

.line
 *(.line)

.debug_srcinfo
 *(.debug_srcinfo)

.debug_sfnames
 *(.debug_sfnames)

.debug_aranges  0x00000000      0x198
 *(.debug_aranges)
 .debug_aranges
                0x00000000       0x20 Main.o
 .debug_aranges
                0x00000020       0x50 sd/sdCard.o
 .debug_aranges
                0x00000070       0x38 SPI/SPI.o
 .debug_aranges
                0x000000a8       0x48 UART/uart.o
 .debug_aranges
                0x000000f0       0xa8 UnitHandler.o

.debug_pubnames
 *(.debug_pubnames)

.debug_info     0x00000000     0x3663
 *(.debug_info .gnu.linkonce.wi.*)
 .debug_info    0x00000000      0xa02 Main.o
 .debug_info    0x00000a02      0xdae sd/sdCard.o
 .debug_info    0x000017b0      0x20e SPI/SPI.o
 .debug_info    0x000019be      0x2bc UART/uart.o
 .debug_info    0x00001c7a     0x19e9 UnitHandler.o

.debug_abbrev   0x00000000      0xabc
 *(.debug_abbrev)
 .debug_abbrev  0x00000000      0x242 Main.o
 .debug_abbrev  0x00000242      0x2bb sd/sdCard.o
 .debug_abbrev  0x000004fd      0x144 SPI/SPI.o
 .debug_abbrev  0x00000641      0x194 UART/uart.o
 .debug_abbrev  0x000007d5      0x2e7 UnitHandler.o

.debug_line     0x00000000     0x13b6
 *(.debug_line .debug_line.* .debug_line_end)
 .debug_line    0x00000000      0x258 Main.o
 .debug_line    0x00000258      0x5eb sd/sdCard.o
 .debug_line    0x00000843       0xfd SPI/SPI.o
 .debug_line    0x00000940      0x1bb UART/uart.o
 .debug_line    0x00000afb      0x8bb UnitHandler.o

.debug_frame    0x00000000      0x698
 *(.debug_frame)
 .debug_frame   0x00000000       0x54 Main.o
 .debug_frame   0x00000054      0x164 sd/sdCard.o
 .debug_frame   0x000001b8       0x54 SPI/SPI.o
 .debug_frame   0x0000020c       0x9c UART/uart.o
 .debug_frame   0x000002a8      0x3f0 UnitHandler.o

.debug_str      0x00000000      0x95d
 *(.debug_str)
 .debug_str     0x00000000      0x687 Main.o
                                0x6c7 (size before relaxing)
 .debug_str     0x00000687       0x77 sd/sdCard.o
                                0x3c7 (size before relaxing)
 .debug_str     0x000006fe       0x20 SPI/SPI.o
                                0x234 (size before relaxing)
 .debug_str     0x0000071e       0xe4 UART/uart.o
                                0x2be (size before relaxing)
 .debug_str     0x00000802      0x15b UnitHandler.o
                                0x7ad (size before relaxing)

.debug_loc      0x00000000     0x2ab9
 *(.debug_loc)
 .debug_loc     0x00000000      0x102 Main.o
 .debug_loc     0x00000102      0xa6e sd/sdCard.o
 .debug_loc     0x00000b70       0xfa SPI/SPI.o
 .debug_loc     0x00000c6a      0x1e1 UART/uart.o
 .debug_loc     0x00000e4b     0x1c6e UnitHandler.o

.debug_macinfo
 *(.debug_macinfo)

.debug_weaknames
 *(.debug_weaknames)

.debug_funcnames
 *(.debug_funcnames)

.debug_typenames
 *(.debug_typenames)

.debug_varnames
 *(.debug_varnames)

.debug_pubtypes
 *(.debug_pubtypes)

.debug_ranges   0x00000000      0x210
 *(.debug_ranges)
 .debug_ranges  0x00000000       0x10 Main.o
 .debug_ranges  0x00000010       0x58 sd/sdCard.o
 .debug_ranges  0x00000068       0x28 SPI/SPI.o
 .debug_ranges  0x00000090       0x38 UART/uart.o
 .debug_ranges  0x000000c8      0x148 UnitHandler.o

.debug_macro
 *(.debug_macro)
OUTPUT(UnitHandler.elf elf32-avr)
LOAD linker stubs
