Archive member included to satisfy reference by file (symbol)

c:/program files (x86)/atmel/studio/7.0/toolchain/avr8/avr8-gnu-toolchain/bin/../lib/gcc/avr/4.9.2/avr6\libgcc.a(_udivmodsi4.o)
                              UART/uartDriver.o (__udivmodsi4)
c:/program files (x86)/atmel/studio/7.0/toolchain/avr8/avr8-gnu-toolchain/bin/../lib/gcc/avr/4.9.2/avr6\libgcc.a(_exit.o)
                              C:/Program Files (x86)/Atmel/Studio/7.0/Packs/atmel/ATmega_DFP/1.0.90/gcc/dev/atmega2560/avr6/crtatmega2560.o (exit)
c:/program files (x86)/atmel/studio/7.0/toolchain/avr8/avr8-gnu-toolchain/bin/../lib/gcc/avr/4.9.2/avr6\libgcc.a(_tablejump2.o)
                              PCinterface/PCInterface.o (__tablejump2__)
c:/program files (x86)/atmel/studio/7.0/toolchain/avr8/avr8-gnu-toolchain/bin/../lib/gcc/avr/4.9.2/avr6\libgcc.a(_clear_bss.o)
                              main.o (__do_clear_bss)
c:/program files (x86)/atmel/studio/7.0/toolchain/avr8/avr8-gnu-toolchain/bin/../lib/gcc/avr/4.9.2/avr6\libgcc.a(_ctors.o)
                              main.o (__do_global_ctors)
c:/program files (x86)/atmel/studio/7.0/toolchain/avr8/avr8-gnu-toolchain/bin/../lib/gcc/avr/4.9.2/../../../../avr/lib/avr6\libc.a(itoa_ncheck.o)
                              UART/uartDriver.o (__itoa_ncheck)
c:/program files (x86)/atmel/studio/7.0/toolchain/avr8/avr8-gnu-toolchain/bin/../lib/gcc/avr/4.9.2/../../../../avr/lib/avr6\libc.a(utoa_ncheck.o)
                              c:/program files (x86)/atmel/studio/7.0/toolchain/avr8/avr8-gnu-toolchain/bin/../lib/gcc/avr/4.9.2/../../../../avr/lib/avr6\libc.a(itoa_ncheck.o) (__utoa_common)
c:/program files (x86)/atmel/studio/7.0/toolchain/avr8/avr8-gnu-toolchain/bin/../lib/gcc/avr/4.9.2/../../../../avr/lib/avr6\libc.a(strrev.o)
                              c:/program files (x86)/atmel/studio/7.0/toolchain/avr8/avr8-gnu-toolchain/bin/../lib/gcc/avr/4.9.2/../../../../avr/lib/avr6\libc.a(utoa_ncheck.o) (strrev)

Discarded input sections

 .data          0x00000000        0x0 C:/Program Files (x86)/Atmel/Studio/7.0/Packs/atmel/ATmega_DFP/1.0.90/gcc/dev/atmega2560/avr6/crtatmega2560.o
 .bss           0x00000000        0x0 C:/Program Files (x86)/Atmel/Studio/7.0/Packs/atmel/ATmega_DFP/1.0.90/gcc/dev/atmega2560/avr6/crtatmega2560.o
 .text          0x00000000        0x0 i2c/i2c.o
 .data          0x00000000        0x0 i2c/i2c.o
 .bss           0x00000000        0x0 i2c/i2c.o
 .text          0x00000000        0x0 main.o
 .data          0x00000000        0x0 main.o
 .bss           0x00000000        0x0 main.o
 .bss.minute    0x00000000        0x1 main.o
 .bss.hour      0x00000000        0x1 main.o
 .bss.error_count
                0x00000000        0x2 main.o
 .text          0x00000000        0x0 PCinterface/PCInterface.o
 .data          0x00000000        0x0 PCinterface/PCInterface.o
 .bss           0x00000000        0x0 PCinterface/PCInterface.o
 .text          0x00000000        0x0 UART/uartDriver.o
 .data          0x00000000        0x0 UART/uartDriver.o
 .bss           0x00000000        0x0 UART/uartDriver.o
 .text._ZN4UART9charReadyEv
                0x00000000        0x8 UART/uartDriver.o
 .text._ZN4UART10sendStringEPc
                0x00000000       0x2a UART/uartDriver.o
 .text._ZN4UART11sendIntegerEi
                0x00000000       0x4a UART/uartDriver.o
 .text          0x00000000        0x0 UnitHandler/UnitHandler.o
 .data          0x00000000        0x0 UnitHandler/UnitHandler.o
 .bss           0x00000000        0x0 UnitHandler/UnitHandler.o
 .text._ZN11UnitHandler18removeUnitFromRoomEhh
                0x00000000      0x194 UnitHandler/UnitHandler.o
 .text._ZN11UnitHandler10deleteRoomEh
                0x00000000      0x154 UnitHandler/UnitHandler.o
 .text          0x00000000        0x0 RTC/rtc.o
 .data          0x00000000        0x0 RTC/rtc.o
 .bss           0x00000000        0x0 RTC/rtc.o
 .text._ZN3rtc10GetSecondsEv
                0x00000000       0x74 RTC/rtc.o
 .text._ZN3rtc7getDateEv
                0x00000000       0x74 RTC/rtc.o
 .text._ZN3rtc8getMonthEv
                0x00000000       0x74 RTC/rtc.o
 .text._ZN3rtc7getYearEv
                0x00000000       0x74 RTC/rtc.o
 .text._ZN3rtc8intToBCDEh
                0x00000000       0x28 RTC/rtc.o
 .text._ZN3rtc8bcdToIntEh
                0x00000000       0x1c RTC/rtc.o
 .text          0x00000000        0x0 sd/sdCard.o
 .data          0x00000000        0x0 sd/sdCard.o
 .bss           0x00000000        0x0 sd/sdCard.o
 .text._ZN6sdCard11sendCommandEhmh
                0x00000000       0x6e sd/sdCard.o
 .text._ZN6sdCard14getResponeByteEv
                0x00000000        0x6 sd/sdCard.o
 .text._ZN6sdCard9writeByteEh
                0x00000000        0x6 sd/sdCard.o
 .text._ZN6sdCard4initEv
                0x00000000      0x324 sd/sdCard.o
 .text          0x00000000        0x0 SPI/SPI.o
 .data          0x00000000        0x0 SPI/SPI.o
 .bss           0x00000000        0x0 SPI/SPI.o
 .text          0x00000000        0x0 X10/X10.o
 .data          0x00000000        0x0 X10/X10.o
 .bss           0x00000000        0x0 X10/X10.o
 .text._ZN3X1011switchStateEhb
                0x00000000       0xb4 X10/X10.o
 .text._ZN3X1011replyStatusEb
                0x00000000       0x16 X10/X10.o
 .text._ZN3X107replyOkEv
                0x00000000       0x16 X10/X10.o
 .text._ZN3X1011recieveDataEv
                0x00000000       0x9a X10/X10.o
 .text._ZN3X1011switchLightEb
                0x00000000        0x2 X10/X10.o
 .text          0x00000000        0x0 X10/X10_modtager.o
 .data          0x00000000        0x0 X10/X10_modtager.o
 .bss           0x00000000        0x0 X10/X10_modtager.o
 .text._ZN12X10_modtager11startTimoutEv
                0x00000000       0x18 X10/X10_modtager.o
 .text._ZN12X10_modtager11resetTimoutEv
                0x00000000        0xe X10/X10_modtager.o
 .text._ZN12X10_modtager13getPacketTypeEv
                0x00000000        0x8 X10/X10_modtager.o
 .text._ZN12X10_modtager12isValidStartEv
                0x00000000       0x12 X10/X10_modtager.o
 .text._ZN12X10_modtager12checkForZeroEh
                0x00000000        0xa X10/X10_modtager.o
 .text          0x00000000        0x0 X10/X10_sender.o
 .data          0x00000000        0x0 X10/X10_sender.o
 .bss           0x00000000        0x0 X10/X10_sender.o
 .text._ZN10X10_sender11setSendModeEb
                0x00000000        0x6 X10/X10_sender.o
 .text._ZN10X10_sender10getPacket1Ev
                0x00000000        0x8 X10/X10_sender.o
 .text._ZN10X10_sender10getPacket2Ev
                0x00000000        0x8 X10/X10_sender.o
 .text._ZN10X10_sender16getCurrentPacketEv
                0x00000000        0x6 X10/X10_sender.o
 .text._ZN10X10_sender16setCurrentPacketEh
                0x00000000        0x6 X10/X10_sender.o
 .text._ZN10X10_sender20decrementCurrentPos1Ev
                0x00000000        0xa X10/X10_sender.o
 .text._ZN10X10_sender14getCurrentPos1Ev
                0x00000000        0x6 X10/X10_sender.o
 .text._ZN10X10_sender20decrementCurrentPos2Ev
                0x00000000        0xa X10/X10_sender.o
 .text._ZN10X10_sender14getCurrentPos2Ev
                0x00000000        0x6 X10/X10_sender.o
 .text          0x00000000        0x0 c:/program files (x86)/atmel/studio/7.0/toolchain/avr8/avr8-gnu-toolchain/bin/../lib/gcc/avr/4.9.2/avr6\libgcc.a(_udivmodsi4.o)
 .data          0x00000000        0x0 c:/program files (x86)/atmel/studio/7.0/toolchain/avr8/avr8-gnu-toolchain/bin/../lib/gcc/avr/4.9.2/avr6\libgcc.a(_udivmodsi4.o)
 .bss           0x00000000        0x0 c:/program files (x86)/atmel/studio/7.0/toolchain/avr8/avr8-gnu-toolchain/bin/../lib/gcc/avr/4.9.2/avr6\libgcc.a(_udivmodsi4.o)
 .text.libgcc.mul
                0x00000000        0x0 c:/program files (x86)/atmel/studio/7.0/toolchain/avr8/avr8-gnu-toolchain/bin/../lib/gcc/avr/4.9.2/avr6\libgcc.a(_udivmodsi4.o)
 .text.libgcc   0x00000000        0x0 c:/program files (x86)/atmel/studio/7.0/toolchain/avr8/avr8-gnu-toolchain/bin/../lib/gcc/avr/4.9.2/avr6\libgcc.a(_udivmodsi4.o)
 .text.libgcc.prologue
                0x00000000        0x0 c:/program files (x86)/atmel/studio/7.0/toolchain/avr8/avr8-gnu-toolchain/bin/../lib/gcc/avr/4.9.2/avr6\libgcc.a(_udivmodsi4.o)
 .text.libgcc.builtins
                0x00000000        0x0 c:/program files (x86)/atmel/studio/7.0/toolchain/avr8/avr8-gnu-toolchain/bin/../lib/gcc/avr/4.9.2/avr6\libgcc.a(_udivmodsi4.o)
 .text.libgcc.fmul
                0x00000000        0x0 c:/program files (x86)/atmel/studio/7.0/toolchain/avr8/avr8-gnu-toolchain/bin/../lib/gcc/avr/4.9.2/avr6\libgcc.a(_udivmodsi4.o)
 .text.libgcc.fixed
                0x00000000        0x0 c:/program files (x86)/atmel/studio/7.0/toolchain/avr8/avr8-gnu-toolchain/bin/../lib/gcc/avr/4.9.2/avr6\libgcc.a(_udivmodsi4.o)
 .text          0x00000000        0x0 c:/program files (x86)/atmel/studio/7.0/toolchain/avr8/avr8-gnu-toolchain/bin/../lib/gcc/avr/4.9.2/avr6\libgcc.a(_exit.o)
 .data          0x00000000        0x0 c:/program files (x86)/atmel/studio/7.0/toolchain/avr8/avr8-gnu-toolchain/bin/../lib/gcc/avr/4.9.2/avr6\libgcc.a(_exit.o)
 .bss           0x00000000        0x0 c:/program files (x86)/atmel/studio/7.0/toolchain/avr8/avr8-gnu-toolchain/bin/../lib/gcc/avr/4.9.2/avr6\libgcc.a(_exit.o)
 .text.libgcc.mul
                0x00000000        0x0 c:/program files (x86)/atmel/studio/7.0/toolchain/avr8/avr8-gnu-toolchain/bin/../lib/gcc/avr/4.9.2/avr6\libgcc.a(_exit.o)
 .text.libgcc.div
                0x00000000        0x0 c:/program files (x86)/atmel/studio/7.0/toolchain/avr8/avr8-gnu-toolchain/bin/../lib/gcc/avr/4.9.2/avr6\libgcc.a(_exit.o)
 .text.libgcc   0x00000000        0x0 c:/program files (x86)/atmel/studio/7.0/toolchain/avr8/avr8-gnu-toolchain/bin/../lib/gcc/avr/4.9.2/avr6\libgcc.a(_exit.o)
 .text.libgcc.prologue
                0x00000000        0x0 c:/program files (x86)/atmel/studio/7.0/toolchain/avr8/avr8-gnu-toolchain/bin/../lib/gcc/avr/4.9.2/avr6\libgcc.a(_exit.o)
 .text.libgcc.builtins
                0x00000000        0x0 c:/program files (x86)/atmel/studio/7.0/toolchain/avr8/avr8-gnu-toolchain/bin/../lib/gcc/avr/4.9.2/avr6\libgcc.a(_exit.o)
 .text.libgcc.fmul
                0x00000000        0x0 c:/program files (x86)/atmel/studio/7.0/toolchain/avr8/avr8-gnu-toolchain/bin/../lib/gcc/avr/4.9.2/avr6\libgcc.a(_exit.o)
 .text.libgcc.fixed
                0x00000000        0x0 c:/program files (x86)/atmel/studio/7.0/toolchain/avr8/avr8-gnu-toolchain/bin/../lib/gcc/avr/4.9.2/avr6\libgcc.a(_exit.o)
 .text          0x00000000        0x0 c:/program files (x86)/atmel/studio/7.0/toolchain/avr8/avr8-gnu-toolchain/bin/../lib/gcc/avr/4.9.2/avr6\libgcc.a(_tablejump2.o)
 .data          0x00000000        0x0 c:/program files (x86)/atmel/studio/7.0/toolchain/avr8/avr8-gnu-toolchain/bin/../lib/gcc/avr/4.9.2/avr6\libgcc.a(_tablejump2.o)
 .bss           0x00000000        0x0 c:/program files (x86)/atmel/studio/7.0/toolchain/avr8/avr8-gnu-toolchain/bin/../lib/gcc/avr/4.9.2/avr6\libgcc.a(_tablejump2.o)
 .text.libgcc.mul
                0x00000000        0x0 c:/program files (x86)/atmel/studio/7.0/toolchain/avr8/avr8-gnu-toolchain/bin/../lib/gcc/avr/4.9.2/avr6\libgcc.a(_tablejump2.o)
 .text.libgcc.div
                0x00000000        0x0 c:/program files (x86)/atmel/studio/7.0/toolchain/avr8/avr8-gnu-toolchain/bin/../lib/gcc/avr/4.9.2/avr6\libgcc.a(_tablejump2.o)
 .text.libgcc.prologue
                0x00000000        0x0 c:/program files (x86)/atmel/studio/7.0/toolchain/avr8/avr8-gnu-toolchain/bin/../lib/gcc/avr/4.9.2/avr6\libgcc.a(_tablejump2.o)
 .text.libgcc.builtins
                0x00000000        0x0 c:/program files (x86)/atmel/studio/7.0/toolchain/avr8/avr8-gnu-toolchain/bin/../lib/gcc/avr/4.9.2/avr6\libgcc.a(_tablejump2.o)
 .text.libgcc.fmul
                0x00000000        0x0 c:/program files (x86)/atmel/studio/7.0/toolchain/avr8/avr8-gnu-toolchain/bin/../lib/gcc/avr/4.9.2/avr6\libgcc.a(_tablejump2.o)
 .text.libgcc.fixed
                0x00000000        0x0 c:/program files (x86)/atmel/studio/7.0/toolchain/avr8/avr8-gnu-toolchain/bin/../lib/gcc/avr/4.9.2/avr6\libgcc.a(_tablejump2.o)
 .text          0x00000000        0x0 c:/program files (x86)/atmel/studio/7.0/toolchain/avr8/avr8-gnu-toolchain/bin/../lib/gcc/avr/4.9.2/avr6\libgcc.a(_clear_bss.o)
 .data          0x00000000        0x0 c:/program files (x86)/atmel/studio/7.0/toolchain/avr8/avr8-gnu-toolchain/bin/../lib/gcc/avr/4.9.2/avr6\libgcc.a(_clear_bss.o)
 .bss           0x00000000        0x0 c:/program files (x86)/atmel/studio/7.0/toolchain/avr8/avr8-gnu-toolchain/bin/../lib/gcc/avr/4.9.2/avr6\libgcc.a(_clear_bss.o)
 .text.libgcc.mul
                0x00000000        0x0 c:/program files (x86)/atmel/studio/7.0/toolchain/avr8/avr8-gnu-toolchain/bin/../lib/gcc/avr/4.9.2/avr6\libgcc.a(_clear_bss.o)
 .text.libgcc.div
                0x00000000        0x0 c:/program files (x86)/atmel/studio/7.0/toolchain/avr8/avr8-gnu-toolchain/bin/../lib/gcc/avr/4.9.2/avr6\libgcc.a(_clear_bss.o)
 .text.libgcc   0x00000000        0x0 c:/program files (x86)/atmel/studio/7.0/toolchain/avr8/avr8-gnu-toolchain/bin/../lib/gcc/avr/4.9.2/avr6\libgcc.a(_clear_bss.o)
 .text.libgcc.prologue
                0x00000000        0x0 c:/program files (x86)/atmel/studio/7.0/toolchain/avr8/avr8-gnu-toolchain/bin/../lib/gcc/avr/4.9.2/avr6\libgcc.a(_clear_bss.o)
 .text.libgcc.builtins
                0x00000000        0x0 c:/program files (x86)/atmel/studio/7.0/toolchain/avr8/avr8-gnu-toolchain/bin/../lib/gcc/avr/4.9.2/avr6\libgcc.a(_clear_bss.o)
 .text.libgcc.fmul
                0x00000000        0x0 c:/program files (x86)/atmel/studio/7.0/toolchain/avr8/avr8-gnu-toolchain/bin/../lib/gcc/avr/4.9.2/avr6\libgcc.a(_clear_bss.o)
 .text.libgcc.fixed
                0x00000000        0x0 c:/program files (x86)/atmel/studio/7.0/toolchain/avr8/avr8-gnu-toolchain/bin/../lib/gcc/avr/4.9.2/avr6\libgcc.a(_clear_bss.o)
 .text          0x00000000        0x0 c:/program files (x86)/atmel/studio/7.0/toolchain/avr8/avr8-gnu-toolchain/bin/../lib/gcc/avr/4.9.2/avr6\libgcc.a(_ctors.o)
 .data          0x00000000        0x0 c:/program files (x86)/atmel/studio/7.0/toolchain/avr8/avr8-gnu-toolchain/bin/../lib/gcc/avr/4.9.2/avr6\libgcc.a(_ctors.o)
 .bss           0x00000000        0x0 c:/program files (x86)/atmel/studio/7.0/toolchain/avr8/avr8-gnu-toolchain/bin/../lib/gcc/avr/4.9.2/avr6\libgcc.a(_ctors.o)
 .text.libgcc.mul
                0x00000000        0x0 c:/program files (x86)/atmel/studio/7.0/toolchain/avr8/avr8-gnu-toolchain/bin/../lib/gcc/avr/4.9.2/avr6\libgcc.a(_ctors.o)
 .text.libgcc.div
                0x00000000        0x0 c:/program files (x86)/atmel/studio/7.0/toolchain/avr8/avr8-gnu-toolchain/bin/../lib/gcc/avr/4.9.2/avr6\libgcc.a(_ctors.o)
 .text.libgcc   0x00000000        0x0 c:/program files (x86)/atmel/studio/7.0/toolchain/avr8/avr8-gnu-toolchain/bin/../lib/gcc/avr/4.9.2/avr6\libgcc.a(_ctors.o)
 .text.libgcc.prologue
                0x00000000        0x0 c:/program files (x86)/atmel/studio/7.0/toolchain/avr8/avr8-gnu-toolchain/bin/../lib/gcc/avr/4.9.2/avr6\libgcc.a(_ctors.o)
 .text.libgcc.builtins
                0x00000000        0x0 c:/program files (x86)/atmel/studio/7.0/toolchain/avr8/avr8-gnu-toolchain/bin/../lib/gcc/avr/4.9.2/avr6\libgcc.a(_ctors.o)
 .text.libgcc.fmul
                0x00000000        0x0 c:/program files (x86)/atmel/studio/7.0/toolchain/avr8/avr8-gnu-toolchain/bin/../lib/gcc/avr/4.9.2/avr6\libgcc.a(_ctors.o)
 .text.libgcc.fixed
                0x00000000        0x0 c:/program files (x86)/atmel/studio/7.0/toolchain/avr8/avr8-gnu-toolchain/bin/../lib/gcc/avr/4.9.2/avr6\libgcc.a(_ctors.o)
 .text          0x00000000        0x0 c:/program files (x86)/atmel/studio/7.0/toolchain/avr8/avr8-gnu-toolchain/bin/../lib/gcc/avr/4.9.2/../../../../avr/lib/avr6\libc.a(itoa_ncheck.o)
 .data          0x00000000        0x0 c:/program files (x86)/atmel/studio/7.0/toolchain/avr8/avr8-gnu-toolchain/bin/../lib/gcc/avr/4.9.2/../../../../avr/lib/avr6\libc.a(itoa_ncheck.o)
 .bss           0x00000000        0x0 c:/program files (x86)/atmel/studio/7.0/toolchain/avr8/avr8-gnu-toolchain/bin/../lib/gcc/avr/4.9.2/../../../../avr/lib/avr6\libc.a(itoa_ncheck.o)
 .text.avr-libc
                0x00000000       0x16 c:/program files (x86)/atmel/studio/7.0/toolchain/avr8/avr8-gnu-toolchain/bin/../lib/gcc/avr/4.9.2/../../../../avr/lib/avr6\libc.a(itoa_ncheck.o)
 .text          0x00000000        0x0 c:/program files (x86)/atmel/studio/7.0/toolchain/avr8/avr8-gnu-toolchain/bin/../lib/gcc/avr/4.9.2/../../../../avr/lib/avr6\libc.a(utoa_ncheck.o)
 .data          0x00000000        0x0 c:/program files (x86)/atmel/studio/7.0/toolchain/avr8/avr8-gnu-toolchain/bin/../lib/gcc/avr/4.9.2/../../../../avr/lib/avr6\libc.a(utoa_ncheck.o)
 .bss           0x00000000        0x0 c:/program files (x86)/atmel/studio/7.0/toolchain/avr8/avr8-gnu-toolchain/bin/../lib/gcc/avr/4.9.2/../../../../avr/lib/avr6\libc.a(utoa_ncheck.o)
 .text.avr-libc
                0x00000000       0x34 c:/program files (x86)/atmel/studio/7.0/toolchain/avr8/avr8-gnu-toolchain/bin/../lib/gcc/avr/4.9.2/../../../../avr/lib/avr6\libc.a(utoa_ncheck.o)
 .text          0x00000000        0x0 c:/program files (x86)/atmel/studio/7.0/toolchain/avr8/avr8-gnu-toolchain/bin/../lib/gcc/avr/4.9.2/../../../../avr/lib/avr6\libc.a(strrev.o)
 .data          0x00000000        0x0 c:/program files (x86)/atmel/studio/7.0/toolchain/avr8/avr8-gnu-toolchain/bin/../lib/gcc/avr/4.9.2/../../../../avr/lib/avr6\libc.a(strrev.o)
 .bss           0x00000000        0x0 c:/program files (x86)/atmel/studio/7.0/toolchain/avr8/avr8-gnu-toolchain/bin/../lib/gcc/avr/4.9.2/../../../../avr/lib/avr6\libc.a(strrev.o)
 .text.avr-libc
                0x00000000       0x20 c:/program files (x86)/atmel/studio/7.0/toolchain/avr8/avr8-gnu-toolchain/bin/../lib/gcc/avr/4.9.2/../../../../avr/lib/avr6\libc.a(strrev.o)

Memory Configuration

Name             Origin             Length             Attributes
text             0x00000000         0x00100000         xr
data             0x00800200         0x0000fe00         rw !x
eeprom           0x00810000         0x00010000         rw !x
fuse             0x00820000         0x00000400         rw !x
lock             0x00830000         0x00000400         rw !x
signature        0x00840000         0x00000400         rw !x
user_signatures  0x00850000         0x00000400         rw !x
*default*        0x00000000         0xffffffff

Linker script and memory map

Address of section .data set to 0x800200
LOAD C:/Program Files (x86)/Atmel/Studio/7.0/Packs/atmel/ATmega_DFP/1.0.90/gcc/dev/atmega2560/avr6/crtatmega2560.o
LOAD i2c/i2c.o
LOAD main.o
LOAD PCinterface/PCInterface.o
LOAD UART/uartDriver.o
LOAD UnitHandler/UnitHandler.o
LOAD RTC/rtc.o
LOAD sd/sdCard.o
LOAD SPI/SPI.o
LOAD X10/X10.o
LOAD X10/X10_modtager.o
LOAD X10/X10_sender.o
START GROUP
LOAD c:/program files (x86)/atmel/studio/7.0/toolchain/avr8/avr8-gnu-toolchain/bin/../lib/gcc/avr/4.9.2/../../../../avr/lib/avr6\libm.a
END GROUP
LOAD c:/program files (x86)/atmel/studio/7.0/toolchain/avr8/avr8-gnu-toolchain/bin/../lib/gcc/avr/4.9.2/avr6\libgcc.a
LOAD c:/program files (x86)/atmel/studio/7.0/toolchain/avr8/avr8-gnu-toolchain/bin/../lib/gcc/avr/4.9.2/../../../../avr/lib/avr6\libm.a
START GROUP
LOAD c:/program files (x86)/atmel/studio/7.0/toolchain/avr8/avr8-gnu-toolchain/bin/../lib/gcc/avr/4.9.2/avr6\libgcc.a
LOAD c:/program files (x86)/atmel/studio/7.0/toolchain/avr8/avr8-gnu-toolchain/bin/../lib/gcc/avr/4.9.2/../../../../avr/lib/avr6\libm.a
LOAD c:/program files (x86)/atmel/studio/7.0/toolchain/avr8/avr8-gnu-toolchain/bin/../lib/gcc/avr/4.9.2/../../../../avr/lib/avr6\libc.a
LOAD C:/Program Files (x86)/Atmel/Studio/7.0/Packs/atmel/ATmega_DFP/1.0.90/gcc/dev/atmega2560/avr6\libatmega2560.a
END GROUP

.hash
 *(.hash)

.dynsym
 *(.dynsym)

.dynstr
 *(.dynstr)

.gnu.version
 *(.gnu.version)

.gnu.version_d
 *(.gnu.version_d)

.gnu.version_r
 *(.gnu.version_r)

.rel.init
 *(.rel.init)

.rela.init
 *(.rela.init)

.rel.text
 *(.rel.text)
 *(.rel.text.*)
 *(.rel.gnu.linkonce.t*)

.rela.text
 *(.rela.text)
 *(.rela.text.*)
 *(.rela.gnu.linkonce.t*)

.rel.fini
 *(.rel.fini)

.rela.fini
 *(.rela.fini)

.rel.rodata
 *(.rel.rodata)
 *(.rel.rodata.*)
 *(.rel.gnu.linkonce.r*)

.rela.rodata
 *(.rela.rodata)
 *(.rela.rodata.*)
 *(.rela.gnu.linkonce.r*)

.rel.data
 *(.rel.data)
 *(.rel.data.*)
 *(.rel.gnu.linkonce.d*)

.rela.data
 *(.rela.data)
 *(.rela.data.*)
 *(.rela.gnu.linkonce.d*)

.rel.ctors
 *(.rel.ctors)

.rela.ctors
 *(.rela.ctors)

.rel.dtors
 *(.rel.dtors)

.rela.dtors
 *(.rela.dtors)

.rel.got
 *(.rel.got)

.rela.got
 *(.rela.got)

.rel.bss
 *(.rel.bss)

.rela.bss
 *(.rela.bss)

.rel.plt
 *(.rel.plt)

.rela.plt
 *(.rela.plt)

.text           0x00000000     0x24ac
 *(.vectors)
 .vectors       0x00000000       0xe4 C:/Program Files (x86)/Atmel/Studio/7.0/Packs/atmel/ATmega_DFP/1.0.90/gcc/dev/atmega2560/avr6/crtatmega2560.o
                0x00000000                __vector_default
                0x00000000                __vectors
 *(.vectors)
 *(.progmem.gcc*)
 .progmem.gcc_sw_table._ZN11PCinterface9handleCMDEv
                0x000000e4       0x14 PCinterface/PCInterface.o
                0x000000f8                . = ALIGN (0x2)
                0x000000f8                __trampolines_start = .
 *(.trampolines)
 .trampolines   0x000000f8        0x0 linker stubs
 *(.trampolines*)
                0x000000f8                __trampolines_end = .
 *(.progmem*)
                0x000000f8                . = ALIGN (0x2)
 *(.jumptables)
 *(.jumptables*)
 *(.lowtext)
 *(.lowtext*)
                0x000000f8                __ctors_start = .
 *(.ctors)
 .ctors         0x000000f8        0x2 main.o
                0x000000fa                __ctors_end = .
                0x000000fa                __dtors_start = .
 *(.dtors)
                0x000000fa                __dtors_end = .
 SORT(*)(.ctors)
 SORT(*)(.dtors)
 *(.init0)
 .init0         0x000000fa        0x0 C:/Program Files (x86)/Atmel/Studio/7.0/Packs/atmel/ATmega_DFP/1.0.90/gcc/dev/atmega2560/avr6/crtatmega2560.o
                0x000000fa                __init
 *(.init0)
 *(.init1)
 *(.init1)
 *(.init2)
 .init2         0x000000fa       0x10 C:/Program Files (x86)/Atmel/Studio/7.0/Packs/atmel/ATmega_DFP/1.0.90/gcc/dev/atmega2560/avr6/crtatmega2560.o
 *(.init2)
 *(.init3)
 *(.init3)
 *(.init4)
 .init4         0x0000010a       0x10 c:/program files (x86)/atmel/studio/7.0/toolchain/avr8/avr8-gnu-toolchain/bin/../lib/gcc/avr/4.9.2/avr6\libgcc.a(_clear_bss.o)
                0x0000010a                __do_clear_bss
 *(.init4)
 *(.init5)
 *(.init5)
 *(.init6)
 .init6         0x0000011a       0x20 c:/program files (x86)/atmel/studio/7.0/toolchain/avr8/avr8-gnu-toolchain/bin/../lib/gcc/avr/4.9.2/avr6\libgcc.a(_ctors.o)
                0x0000011a                __do_global_ctors
 *(.init6)
 *(.init7)
 *(.init7)
 *(.init8)
 *(.init8)
 *(.init9)
 .init9         0x0000013a        0x6 C:/Program Files (x86)/Atmel/Studio/7.0/Packs/atmel/ATmega_DFP/1.0.90/gcc/dev/atmega2560/avr6/crtatmega2560.o
 *(.init9)
 *(.text)
 .text          0x00000140        0x2 C:/Program Files (x86)/Atmel/Studio/7.0/Packs/atmel/ATmega_DFP/1.0.90/gcc/dev/atmega2560/avr6/crtatmega2560.o
                0x00000140                __vector_38
                0x00000140                __vector_22
                0x00000140                __vector_28
                0x00000140                __vector_1
                0x00000140                __vector_32
                0x00000140                __vector_34
                0x00000140                __vector_24
                0x00000140                __vector_12
                0x00000140                __vector_55
                0x00000140                __vector_46
                0x00000140                __bad_interrupt
                0x00000140                __vector_6
                0x00000140                __vector_31
                0x00000140                __vector_39
                0x00000140                __vector_30
                0x00000140                __vector_45
                0x00000140                __vector_11
                0x00000140                __vector_54
                0x00000140                __vector_13
                0x00000140                __vector_17
                0x00000140                __vector_19
                0x00000140                __vector_56
                0x00000140                __vector_7
                0x00000140                __vector_49
                0x00000140                __vector_41
                0x00000140                __vector_43
                0x00000140                __vector_27
                0x00000140                __vector_5
                0x00000140                __vector_33
                0x00000140                __vector_47
                0x00000140                __vector_52
                0x00000140                __vector_37
                0x00000140                __vector_44
                0x00000140                __vector_51
                0x00000140                __vector_9
                0x00000140                __vector_2
                0x00000140                __vector_21
                0x00000140                __vector_36
                0x00000140                __vector_29
                0x00000140                __vector_40
                0x00000140                __vector_8
                0x00000140                __vector_26
                0x00000140                __vector_48
                0x00000140                __vector_14
                0x00000140                __vector_53
                0x00000140                __vector_10
                0x00000140                __vector_50
                0x00000140                __vector_16
                0x00000140                __vector_18
                0x00000140                __vector_20
                0x00000140                __vector_42
                0x00000142                . = ALIGN (0x2)
 *(.text.*)
 .text._ZN3i2cC2Ebi
                0x00000142       0x42 i2c/i2c.o
                0x00000142                _ZN3i2cC2Ebi
                0x00000142                _ZN3i2cC1Ebi
 .text._ZN3i2c5startEv
                0x00000184       0x12 i2c/i2c.o
                0x00000184                _ZN3i2c5startEv
 .text._ZN3i2c4stopEv
                0x00000196        0x8 i2c/i2c.o
                0x00000196                _ZN3i2c4stopEv
 .text._ZN3i2c5writeEh
                0x0000019e       0x16 i2c/i2c.o
                0x0000019e                _ZN3i2c5writeEh
 .text._ZN3i2c4readEb
                0x000001b4       0x22 i2c/i2c.o
                0x000001b4                _ZN3i2c4readEb
 .text.main     0x000001d6      0x12e main.o
                0x000001d6                main
 .text.__vector_25
                0x00000304       0x52 main.o
                0x00000304                __vector_25
 .text.__vector_3
                0x00000356       0x54 main.o
                0x00000356                __vector_3
 .text.__vector_4
                0x000003aa       0x54 main.o
                0x000003aa                __vector_4
 .text.__vector_23
                0x000003fe       0x54 main.o
                0x000003fe                __vector_23
 .text.__vector_35
                0x00000452       0x54 main.o
                0x00000452                __vector_35
 .text.__vector_15
                0x000004a6       0x54 main.o
                0x000004a6                __vector_15
 .text._GLOBAL__sub_I_uart_obj
                0x000004fa       0x62 main.o
 .text._ZN11PCinterfaceC2EP11UnitHandlerP4UARTP3rtcP3X10
                0x0000055c       0x1c PCinterface/PCInterface.o
                0x0000055c                _ZN11PCinterfaceC1EP11UnitHandlerP4UARTP3rtcP3X10
                0x0000055c                _ZN11PCinterfaceC2EP11UnitHandlerP4UARTP3rtcP3X10
 .text._ZN11PCinterface7isStartEPh
                0x00000578       0x3e PCinterface/PCInterface.o
                0x00000578                _ZN11PCinterface7isStartEPh
 .text._ZN11PCinterface6getCmdEPh
                0x000005b6       0x26 PCinterface/PCInterface.o
                0x000005b6                _ZN11PCinterface6getCmdEPh
 .text._ZN11PCinterface7getDataEPh
                0x000005dc       0x98 PCinterface/PCInterface.o
                0x000005dc                _ZN11PCinterface7getDataEPh
 .text._ZN11PCinterface9handleCMDEv
                0x00000674      0x3cc PCinterface/PCInterface.o
                0x00000674                _ZN11PCinterface9handleCMDEv
 .text._ZN11PCinterface12returnStatusEv
                0x00000a40       0x4c PCinterface/PCInterface.o
                0x00000a40                _ZN11PCinterface12returnStatusEv
 .text._ZN4UARTC2Emhc
                0x00000a8c       0x9c UART/uartDriver.o
                0x00000a8c                _ZN4UARTC1Emhc
                0x00000a8c                _ZN4UARTC2Emhc
 .text._ZN4UART8readCharEv
                0x00000b28       0x10 UART/uartDriver.o
                0x00000b28                _ZN4UART8readCharEv
 .text._ZN4UART8sendCharEc
                0x00000b38       0x10 UART/uartDriver.o
                0x00000b38                _ZN4UART8sendCharEc
 .text._ZN11UnitHandlerC2EP6sdCard
                0x00000b48        0xa UnitHandler/UnitHandler.o
                0x00000b48                _ZN11UnitHandlerC1EP6sdCard
                0x00000b48                _ZN11UnitHandlerC2EP6sdCard
 .text._ZN11UnitHandler11getUnitListEPh
                0x00000b52       0x12 UnitHandler/UnitHandler.o
                0x00000b52                _ZN11UnitHandler11getUnitListEPh
 .text._ZN11UnitHandler18checkStdAssignmentEv
                0x00000b64       0x6a UnitHandler/UnitHandler.o
                0x00000b64                _ZN11UnitHandler18checkStdAssignmentEv
 .text._ZN11UnitHandler13addUnitToListEhh
                0x00000bce       0x9e UnitHandler/UnitHandler.o
                0x00000bce                _ZN11UnitHandler13addUnitToListEhh
 .text._ZN11UnitHandler18removeUnitFromListEh
                0x00000c6c       0xee UnitHandler/UnitHandler.o
                0x00000c6c                _ZN11UnitHandler18removeUnitFromListEh
 .text._ZN11UnitHandler16searchFreeBlocksEv
                0x00000d5a       0x80 UnitHandler/UnitHandler.o
                0x00000d5a                _ZN11UnitHandler16searchFreeBlocksEv
 .text._ZN11UnitHandler11getRoomListEPh
                0x00000dda       0x14 UnitHandler/UnitHandler.o
                0x00000dda                _ZN11UnitHandler11getRoomListEPh
 .text._ZN11UnitHandler10RemoveUnitEh
                0x00000dee      0x196 UnitHandler/UnitHandler.o
                0x00000dee                _ZN11UnitHandler10RemoveUnitEh
 .text._ZN11UnitHandler13createNewRoomEh
                0x00000f84       0xb0 UnitHandler/UnitHandler.o
                0x00000f84                _ZN11UnitHandler13createNewRoomEh
 .text._ZN11UnitHandler13addUnitToRoomEh
                0x00001034       0x90 UnitHandler/UnitHandler.o
                0x00001034                _ZN11UnitHandler13addUnitToRoomEh
 .text._ZN11UnitHandler7AddUnitEhh
                0x000010c4      0x18a UnitHandler/UnitHandler.o
                0x000010c4                _ZN11UnitHandler7AddUnitEhh
 .text._ZN11UnitHandler10UpdateTimeEhPh
                0x0000124e      0x108 UnitHandler/UnitHandler.o
                0x0000124e                _ZN11UnitHandler10UpdateTimeEhPh
 .text._ZN11UnitHandler12getTimeTableEhhPh
                0x00001356      0x104 UnitHandler/UnitHandler.o
                0x00001356                _ZN11UnitHandler12getTimeTableEhhPh
 .text._ZN11UnitHandler8editUnitEhhh
                0x0000145a      0x1fe UnitHandler/UnitHandler.o
                0x0000145a                _ZN11UnitHandler8editUnitEhhh
 .text._ZN11UnitHandler12getUnitCountEv
                0x00001658        0x6 UnitHandler/UnitHandler.o
                0x00001658                _ZN11UnitHandler12getUnitCountEv
 .text._ZN3rtcC2Ehi
                0x0000165e       0x1c RTC/rtc.o
                0x0000165e                _ZN3rtcC1Ehi
                0x0000165e                _ZN3rtcC2Ehi
 .text._ZN3rtc7setTimeEhhh
                0x0000167a       0xd2 RTC/rtc.o
                0x0000167a                _ZN3rtc7setTimeEhhh
 .text._ZN3rtc7setDateEhhhh
                0x0000174c       0xdc RTC/rtc.o
                0x0000174c                _ZN3rtc7setDateEhhhh
 .text._ZN3rtc8getHoursEv
                0x00001828       0x76 RTC/rtc.o
                0x00001828                _ZN3rtc8getHoursEv
 .text._ZN3rtc9getMinutsEv
                0x0000189e       0x74 RTC/rtc.o
                0x0000189e                _ZN3rtc9getMinutsEv
 .text._ZN3rtc12getDayOfWeekEv
                0x00001912       0x5e RTC/rtc.o
                0x00001912                _ZN3rtc12getDayOfWeekEv
 .text._ZN6sdCardC2Ei
                0x00001970       0x20 sd/sdCard.o
                0x00001970                _ZN6sdCardC1Ei
                0x00001970                _ZN6sdCardC2Ei
 .text._ZN6sdCard9readBlockEmPh
                0x00001990       0xcc sd/sdCard.o
                0x00001990                _ZN6sdCard9readBlockEmPh
 .text._ZN6sdCard10writeBlockEmPKh
                0x00001a5c      0x14e sd/sdCard.o
                0x00001a5c                _ZN6sdCard10writeBlockEmPKh
 .text._ZN3SPI7setFreqEi
                0x00001baa       0x4a SPI/SPI.o
                0x00001baa                _ZN3SPI7setFreqEi
 .text._ZN3SPIC2Ei
                0x00001bf4        0xc SPI/SPI.o
                0x00001bf4                _ZN3SPIC1Ei
                0x00001bf4                _ZN3SPIC2Ei
 .text._ZN3SPI9writeByteEh
                0x00001c00        0xc SPI/SPI.o
                0x00001c00                _ZN3SPI9writeByteEh
 .text._ZN3SPI11recieveByteEv
                0x00001c0c        0xe SPI/SPI.o
                0x00001c0c                _ZN3SPI11recieveByteEv
 .text._ZN3X10C2Ehh
                0x00001c1a       0x2c X10/X10.o
                0x00001c1a                _ZN3X10C1Ehh
                0x00001c1a                _ZN3X10C2Ehh
 .text._ZN3X1013getUnitStatusEhRb
                0x00001c46       0xd8 X10/X10.o
                0x00001c46                _ZN3X1013getUnitStatusEhRb
 .text._ZN3X1022reciveSendHighInteruptEv
                0x00001d1e       0x2e X10/X10.o
                0x00001d1e                _ZN3X1022reciveSendHighInteruptEv
 .text._ZN3X1021reciveSendLowInteruptEv
                0x00001d4c       0x2e X10/X10.o
                0x00001d4c                _ZN3X1021reciveSendLowInteruptEv
 .text._ZN3X1015stop120InteruptEv
                0x00001d7a        0x6 X10/X10.o
                0x00001d7a                _ZN3X1015stop120InteruptEv
 .text._ZN3X1020resetReciverInteruptEv
                0x00001d80        0x8 X10/X10.o
                0x00001d80                _ZN3X1020resetReciverInteruptEv
 .text._ZN3X1021inputCompleteInteruptEv
                0x00001d88        0x6 X10/X10.o
                0x00001d88                _ZN3X1021inputCompleteInteruptEv
 .text._ZN12X10_modtager13resetReceiverEv
                0x00001d8e       0x2c X10/X10_modtager.o
                0x00001d8e                _ZN12X10_modtager13resetReceiverEv
 .text._ZN12X10_modtagerC2Ehh
                0x00001dba       0x18 X10/X10_modtager.o
                0x00001dba                _ZN12X10_modtagerC1Ehh
                0x00001dba                _ZN12X10_modtagerC2Ehh
 .text._ZN12X10_modtager18writeDataToPacket1Eh
                0x00001dd2       0x32 X10/X10_modtager.o
                0x00001dd2                _ZN12X10_modtager18writeDataToPacket1Eh
 .text._ZN12X10_modtager18writeDataToPacket2Eh
                0x00001e04       0x42 X10/X10_modtager.o
                0x00001e04                _ZN12X10_modtager18writeDataToPacket2Eh
 .text._ZN12X10_modtager13isPacketForMeEv
                0x00001e46       0x30 X10/X10_modtager.o
                0x00001e46                _ZN12X10_modtager13isPacketForMeEv
 .text._ZN12X10_modtager13getPacketDataEv
                0x00001e76       0x34 X10/X10_modtager.o
                0x00001e76                _ZN12X10_modtager13getPacketDataEv
 .text._ZN12X10_modtager15validatePacketsEv
                0x00001eaa       0x54 X10/X10_modtager.o
                0x00001eaa                _ZN12X10_modtager15validatePacketsEv
 .text._ZN12X10_modtager11receiveDataEh
                0x00001efe       0xcc X10/X10_modtager.o
                0x00001efe                _ZN12X10_modtager11receiveDataEh
 .text._ZN12X10_modtager9fetchDataERhS0_Rb
                0x00001fca       0x46 X10/X10_modtager.o
                0x00001fca                _ZN12X10_modtager9fetchDataERhS0_Rb
 .text._ZN12X10_modtager11isDataReadyEv
                0x00002010        0x6 X10/X10_modtager.o
                0x00002010                _ZN12X10_modtager11isDataReadyEv
 .text._ZN12X10_modtager10startInputEv
                0x00002016        0xc X10/X10_modtager.o
                0x00002016                _ZN12X10_modtager10startInputEv
 .text._ZN12X10_modtager13inputCompleteEv
                0x00002022       0x1e X10/X10_modtager.o
                0x00002022                _ZN12X10_modtager13inputCompleteEv
 .text._ZN12X10_modtager11receiveHighEv
                0x00002040       0x38 X10/X10_modtager.o
                0x00002040                _ZN12X10_modtager11receiveHighEv
 .text._ZN12X10_modtager10receiveLowEv
                0x00002078       0x40 X10/X10_modtager.o
                0x00002078                _ZN12X10_modtager10receiveLowEv
 .text._ZN10X10_senderC2Ev
                0x000020b8       0x9e X10/X10_sender.o
                0x000020b8                _ZN10X10_senderC1Ev
                0x000020b8                _ZN10X10_senderC2Ev
 .text._ZN10X10_sender8start120Ev
                0x00002156       0x20 X10/X10_sender.o
                0x00002156                _ZN10X10_sender8start120Ev
 .text._ZN10X10_sender7stop120Ev
                0x00002176       0x20 X10/X10_sender.o
                0x00002176                _ZN10X10_sender7stop120Ev
 .text._ZN10X10_sender11getSendModeEv
                0x00002196        0x6 X10/X10_sender.o
                0x00002196                _ZN10X10_sender11getSendModeEv
 .text._ZN10X10_sender14generateParityEjj
                0x0000219c       0x44 X10/X10_sender.o
                0x0000219c                _ZN10X10_sender14generateParityEjj
 .text._ZN10X10_sender11sendCommandEhhhh
                0x000021e0      0x166 X10/X10_sender.o
                0x000021e0                _ZN10X10_sender11sendCommandEhhhh
 .text._ZN10X10_sender8sendHighEv
                0x00002346       0x80 X10/X10_sender.o
                0x00002346                _ZN10X10_sender8sendHighEv
 .text._ZN10X10_sender7sendLowEv
                0x000023c6       0x8e X10/X10_sender.o
                0x000023c6                _ZN10X10_sender7sendLowEv
 .text.libgcc.div
                0x00002454       0x44 c:/program files (x86)/atmel/studio/7.0/toolchain/avr8/avr8-gnu-toolchain/bin/../lib/gcc/avr/4.9.2/avr6\libgcc.a(_udivmodsi4.o)
                0x00002454                __udivmodsi4
 .text.libgcc   0x00002498       0x10 c:/program files (x86)/atmel/studio/7.0/toolchain/avr8/avr8-gnu-toolchain/bin/../lib/gcc/avr/4.9.2/avr6\libgcc.a(_tablejump2.o)
                0x00002498                __tablejump2__
                0x000024a8                . = ALIGN (0x2)
 *(.fini9)
 .fini9         0x000024a8        0x0 c:/program files (x86)/atmel/studio/7.0/toolchain/avr8/avr8-gnu-toolchain/bin/../lib/gcc/avr/4.9.2/avr6\libgcc.a(_exit.o)
                0x000024a8                _exit
                0x000024a8                exit
 *(.fini9)
 *(.fini8)
 *(.fini8)
 *(.fini7)
 *(.fini7)
 *(.fini6)
 *(.fini6)
 *(.fini5)
 *(.fini5)
 *(.fini4)
 *(.fini4)
 *(.fini3)
 *(.fini3)
 *(.fini2)
 *(.fini2)
 *(.fini1)
 *(.fini1)
 *(.fini0)
 .fini0         0x000024a8        0x4 c:/program files (x86)/atmel/studio/7.0/toolchain/avr8/avr8-gnu-toolchain/bin/../lib/gcc/avr/4.9.2/avr6\libgcc.a(_exit.o)
 *(.fini0)
                0x000024ac                _etext = .

.data           0x00800200        0x0 load address 0x000024ac
                0x00800200                PROVIDE (__data_start, .)
 *(.data)
 *(.data*)
 *(.rodata)
 *(.rodata*)
 *(.gnu.linkonce.d*)
                0x00800200                . = ALIGN (0x2)
                0x00800200                _edata = .
                0x00800200                PROVIDE (__data_end, .)

.bss            0x00800200       0x33
                0x00800200                PROVIDE (__bss_start, .)
 *(.bss)
 *(.bss*)
 .bss.day       0x00800200        0x1 main.o
                0x00800200                day
 .bss.unitCount
                0x00800201        0x2 main.o
                0x00800201                unitCount
 .bss.PCIF_obj  0x00800203        0xc main.o
                0x00800203                PCIF_obj
 .bss.X10_obj   0x0080020f       0x1b main.o
                0x0080020f                X10_obj
 .bss.handler_obj
                0x0080022a        0x3 main.o
                0x0080022a                handler_obj
 .bss.RTC_obj   0x0080022d        0x2 main.o
                0x0080022d                RTC_obj
 .bss.SD_obj    0x0080022f        0x3 main.o
                0x0080022f                SD_obj
 .bss.uart_obj  0x00800232        0x1 main.o
                0x00800232                uart_obj
 *(COMMON)
                0x00800233                PROVIDE (__bss_end, .)
                0x000024ac                __data_load_start = LOADADDR (.data)
                0x000024ac                __data_load_end = (__data_load_start + SIZEOF (.data))

.noinit         0x00800233        0x0
                0x00800233                PROVIDE (__noinit_start, .)
 *(.noinit*)
                0x00800233                PROVIDE (__noinit_end, .)
                0x00800233                _end = .
                0x00800233                PROVIDE (__heap_start, .)

.eeprom         0x00810000        0x0
 *(.eeprom*)
                0x00810000                __eeprom_end = .

.fuse
 *(.fuse)
 *(.lfuse)
 *(.hfuse)
 *(.efuse)

.lock
 *(.lock*)

.signature
 *(.signature*)

.user_signatures
 *(.user_signatures*)

.stab
 *(.stab)

.stabstr
 *(.stabstr)

.stab.excl
 *(.stab.excl)

.stab.exclstr
 *(.stab.exclstr)

.stab.index
 *(.stab.index)

.stab.indexstr
 *(.stab.indexstr)

.comment        0x00000000       0x30
 *(.comment)
 .comment       0x00000000       0x30 i2c/i2c.o
                                 0x31 (size before relaxing)
 .comment       0x00000030       0x31 main.o
 .comment       0x00000030       0x31 PCinterface/PCInterface.o
 .comment       0x00000030       0x31 UART/uartDriver.o
 .comment       0x00000030       0x31 UnitHandler/UnitHandler.o
 .comment       0x00000030       0x31 RTC/rtc.o
 .comment       0x00000030       0x31 sd/sdCard.o
 .comment       0x00000030       0x31 SPI/SPI.o
 .comment       0x00000030       0x31 X10/X10.o
 .comment       0x00000030       0x31 X10/X10_modtager.o
 .comment       0x00000030       0x31 X10/X10_sender.o

.note.gnu.avr.deviceinfo
                0x00000000       0x40
 .note.gnu.avr.deviceinfo
                0x00000000       0x40 C:/Program Files (x86)/Atmel/Studio/7.0/Packs/atmel/ATmega_DFP/1.0.90/gcc/dev/atmega2560/avr6/crtatmega2560.o

.note.gnu.build-id
 *(.note.gnu.build-id)

.debug
 *(.debug)

.line
 *(.line)

.debug_srcinfo
 *(.debug_srcinfo)

.debug_sfnames
 *(.debug_sfnames)

.debug_aranges  0x00000000      0x490
 *(.debug_aranges)
 .debug_aranges
                0x00000000       0x40 i2c/i2c.o
 .debug_aranges
                0x00000040       0x58 main.o
 .debug_aranges
                0x00000098       0x48 PCinterface/PCInterface.o
 .debug_aranges
                0x000000e0       0x48 UART/uartDriver.o
 .debug_aranges
                0x00000128       0xa0 UnitHandler/UnitHandler.o
 .debug_aranges
                0x000001c8       0x78 RTC/rtc.o
 .debug_aranges
                0x00000240       0x50 sd/sdCard.o
 .debug_aranges
                0x00000290       0x38 SPI/SPI.o
 .debug_aranges
                0x000002c8       0x78 X10/X10.o
 .debug_aranges
                0x00000340       0xb0 X10/X10_modtager.o
 .debug_aranges
                0x000003f0       0xa0 X10/X10_sender.o

.debug_pubnames
 *(.debug_pubnames)

.debug_info     0x00000000     0x95e0
 *(.debug_info .gnu.linkonce.wi.*)
 .debug_info    0x00000000      0x24b i2c/i2c.o
 .debug_info    0x0000024b     0x173a main.o
 .debug_info    0x00001985     0x1a21 PCinterface/PCInterface.o
 .debug_info    0x000033a6      0x43e UART/uartDriver.o
 .debug_info    0x000037e4     0x1804 UnitHandler/UnitHandler.o
 .debug_info    0x00004fe8     0x123d RTC/rtc.o
 .debug_info    0x00006225      0xdae sd/sdCard.o
 .debug_info    0x00006fd3      0x20e SPI/SPI.o
 .debug_info    0x000071e1      0xefd X10/X10.o
 .debug_info    0x000080de      0xa80 X10/X10_modtager.o
 .debug_info    0x00008b5e      0xa82 X10/X10_sender.o

.debug_abbrev   0x00000000     0x192e
 *(.debug_abbrev)
 .debug_abbrev  0x00000000      0x136 i2c/i2c.o
 .debug_abbrev  0x00000136      0x2b0 main.o
 .debug_abbrev  0x000003e6      0x308 PCinterface/PCInterface.o
 .debug_abbrev  0x000006ee      0x232 UART/uartDriver.o
 .debug_abbrev  0x00000920      0x31b UnitHandler/UnitHandler.o
 .debug_abbrev  0x00000c3b      0x21c RTC/rtc.o
 .debug_abbrev  0x00000e57      0x2bb sd/sdCard.o
 .debug_abbrev  0x00001112      0x144 SPI/SPI.o
 .debug_abbrev  0x00001256      0x23c X10/X10.o
 .debug_abbrev  0x00001492      0x24d X10/X10_modtager.o
 .debug_abbrev  0x000016df      0x24f X10/X10_sender.o

.debug_line     0x00000000     0x2a22
 *(.debug_line .debug_line.* .debug_line_end)
 .debug_line    0x00000000      0x133 i2c/i2c.o
 .debug_line    0x00000133      0x2c2 main.o
 .debug_line    0x000003f5      0x550 PCinterface/PCInterface.o
 .debug_line    0x00000945      0x1cd UART/uartDriver.o
 .debug_line    0x00000b12      0x832 UnitHandler/UnitHandler.o
 .debug_line    0x00001344      0x41b RTC/rtc.o
 .debug_line    0x0000175f      0x5eb sd/sdCard.o
 .debug_line    0x00001d4a       0xfd SPI/SPI.o
 .debug_line    0x00001e47      0x2bf X10/X10.o
 .debug_line    0x00002106      0x4cb X10/X10_modtager.o
 .debug_line    0x000025d1      0x451 X10/X10_sender.o

.debug_frame    0x00000000     0x1084
 *(.debug_frame)
 .debug_frame   0x00000000       0x64 i2c/i2c.o
 .debug_frame   0x00000064      0x28c main.o
 .debug_frame   0x000002f0      0x138 PCinterface/PCInterface.o
 .debug_frame   0x00000428       0xac UART/uartDriver.o
 .debug_frame   0x000004d4      0x3ac UnitHandler/UnitHandler.o
 .debug_frame   0x00000880      0x1c8 RTC/rtc.o
 .debug_frame   0x00000a48      0x164 sd/sdCard.o
 .debug_frame   0x00000bac       0x54 SPI/SPI.o
 .debug_frame   0x00000c00      0x198 X10/X10.o
 .debug_frame   0x00000d98      0x190 X10/X10_modtager.o
 .debug_frame   0x00000f28      0x15c X10/X10_sender.o

.debug_str      0x00000000     0x19db
 *(.debug_str)
 .debug_str     0x00000000      0x20d i2c/i2c.o
                                0x246 (size before relaxing)
 .debug_str     0x0000020d     0x1288 main.o
                               0x14ad (size before relaxing)
 .debug_str     0x00001495       0xef PCinterface/PCInterface.o
                               0x1491 (size before relaxing)
 .debug_str     0x00001584       0x88 UART/uartDriver.o
                                0x301 (size before relaxing)
 .debug_str     0x0000160c      0x149 UnitHandler/UnitHandler.o
                                0x79e (size before relaxing)
 .debug_str     0x00001755       0xb6 RTC/rtc.o
                                0x41b (size before relaxing)
 .debug_str     0x0000180b       0xb6 sd/sdCard.o
                                0x3c9 (size before relaxing)
 .debug_str     0x000018c1       0x20 SPI/SPI.o
                                0x236 (size before relaxing)
 .debug_str     0x000018e1       0x3e X10/X10.o
                                0xbec (size before relaxing)
 .debug_str     0x0000191f       0x40 X10/X10_modtager.o
                                0x710 (size before relaxing)
 .debug_str     0x0000195f       0x7c X10/X10_sender.o
                                0x59d (size before relaxing)

.debug_loc      0x00000000     0x5b4c
 *(.debug_loc)
 .debug_loc     0x00000000       0xdc i2c/i2c.o
 .debug_loc     0x000000dc      0x60e main.o
 .debug_loc     0x000006ea      0x872 PCinterface/PCInterface.o
 .debug_loc     0x00000f5c      0x334 UART/uartDriver.o
 .debug_loc     0x00001290     0x1a0b UnitHandler/UnitHandler.o
 .debug_loc     0x00002c9b      0xf4f RTC/rtc.o
 .debug_loc     0x00003bea      0xa6e sd/sdCard.o
 .debug_loc     0x00004658       0xfa SPI/SPI.o
 .debug_loc     0x00004752      0x643 X10/X10.o
 .debug_loc     0x00004d95      0x6d3 X10/X10_modtager.o
 .debug_loc     0x00005468      0x6e4 X10/X10_sender.o

.debug_macinfo
 *(.debug_macinfo)

.debug_weaknames
 *(.debug_weaknames)

.debug_funcnames
 *(.debug_funcnames)

.debug_typenames
 *(.debug_typenames)

.debug_varnames
 *(.debug_varnames)

.debug_pubtypes
 *(.debug_pubtypes)

.debug_ranges   0x00000000      0x4f0
 *(.debug_ranges)
 .debug_ranges  0x00000000       0x30 i2c/i2c.o
 .debug_ranges  0x00000030       0x60 main.o
 .debug_ranges  0x00000090       0x80 PCinterface/PCInterface.o
 .debug_ranges  0x00000110       0x38 UART/uartDriver.o
 .debug_ranges  0x00000148      0x110 UnitHandler/UnitHandler.o
 .debug_ranges  0x00000258       0x68 RTC/rtc.o
 .debug_ranges  0x000002c0       0x58 sd/sdCard.o
 .debug_ranges  0x00000318       0x28 SPI/SPI.o
 .debug_ranges  0x00000340       0x68 X10/X10.o
 .debug_ranges  0x000003a8       0xb8 X10/X10_modtager.o
 .debug_ranges  0x00000460       0x90 X10/X10_sender.o

.debug_macro
 *(.debug_macro)
OUTPUT(simulate.elf elf32-avr)
LOAD linker stubs
